// Jest Snapshot v1, https://goo.gl/fbAQLP

exports[`FolderDropdown renders with correct custom folders 1`] = `
<div>
  <div
    data-testid="menu-dropdown"
  >
    <div
      data-testid="selected-item"
    >
      Personal
    </div>
    <div
      data-testid="items"
    >
      <button
        data-testid="item-No Folder"
      >
        No Folder
      </button>
      <button
        data-testid="item-Personal"
      >
        Personal
      </button>
      <button
        data-testid="item-Work"
      >
        Work
      </button>
      <button
        data-testid="item-Finance"
      >
        Finance
      </button>
    </div>
  </div>
</div>
`;
