// Jest Snapshot v1, https://goo.gl/fbAQLP

exports[`SidebarCategory Component renders correctly with default props 1`] = `
<div>
  <button
    class="sc-bRKDuR bDBHR"
  >
    <div
      class="sc-hvigdm QSbSi"
    >
      <div
        class="sc-fhHczv hLXVSY"
      >
        <div
          data-testid="mock-icon"
        >
          Icon
        </div>
      </div>
      <span
        class="sc-ggWZvA eOLAkq"
      >
        Test Category
      </span>
    </div>
    <span
      class="sc-dTvVRJ ikZhiU"
    >
      5
    </span>
  </button>
</div>
`;
